// Jest Snapshot v1, https://jestjs.io/docs/snapshot-testing

exports[`OpengraphImage matches the expected structure for the default card 1`] = `
<div
  style="width: 100%; height: 100%; display: flex; flex-direction: column; justify-content: space-between; background-color: rgb(11, 17, 32); background-image: radial-gradient(circle at 20% 20%, rgba(56,189,248,0.15), transparent 55%), radial-gradient(circle at 80% 0%, rgba(129,140,248,0.15), transparent 40%); padding: 72px; color: rgb(226, 232, 240); font-family: Inter; position: relative;"
>
  <div
    style="display: flex; align-items: center; gap: 24px;"
  >
    <div
      style="width: 128px; height: 128px; border-radius: 50%; border: 6px solid rgba(148, 163, 184, 0.25); box-shadow: 0 24px 60px rgba(15,23,42,0.45); background: linear-gradient(135deg, rgba(56,189,248,0.8), rgba(129,140,248,0.8)); display: flex; align-items: center; justify-content: center; color: rgb(11, 17, 32); font-weight: 700; font-size: 2rem;"
    >
      AM
    </div>
    <div
      style="display: flex; flex-direction: column; gap: 6px;"
    >
      <span
        style="font-size: 3rem; font-weight: 700; letter-spacing: -1px;"
      >
        Andre Marinho
      </span>
      <span
        style="font-size: 1.75rem; color: rgba(148, 163, 184, 0.9); font-family: Inter; letter-spacing: 0.05em; text-transform: uppercase;"
      >
        Front-End Developer
      </span>
    </div>
  </div>
  <div
    style="display: flex; flex-direction: column; gap: 32px; max-width: 720px;"
  >
    <span
      style="font-size: 5.5rem; font-weight: 700; line-height: 1; letter-spacing: -3px;"
    >
      Andre Marinho - Front-End Developer
    </span>
    <span
      style="font-size: 2.4rem; color: rgba(226, 232, 240, 0.95); line-height: 1.3; font-weight: 400;"
    >
      I am a Front-End Developer based in Salvador. I create digital experiences that connect design, strategy and business growth.
    </span>
  </div>
  <div
    style="display: flex; align-items: center; justify-content: space-between; font-size: 1.8rem; font-family: Inter; font-weight: 400; color: rgba(148, 163, 184, 0.9);"
  >
    <span>
      andremarinho.me
    </span>
    <span
      style="padding: 8px 20px; border-radius: 999px; border: 1px solid rgba(148, 163, 184, 0.35); font-size: 1.5rem; letter-spacing: 0.08em;"
    >
      andremarinho.me
    </span>
  </div>
</div>
`;
