// Vitest Snapshot v1, https://vitest.dev/guide/snapshot.html

exports[`ProjectList > renders a project row 1`] = `
<div>
  <ol
    class="content-list flex flex-col mt-6"
  >
    <li
      class="content-reveal"
    >
      <a
        class="content-row group relative block rounded-md py-5"
        href="/projects/first"
      >
        <div
          class="grid grid-cols-1 gap-x-6 gap-y-1.5 sm:grid-cols-[7rem_minmax(0,1fr)]"
        >
          <p
            class="text-xs leading-6 text-muted sm:text-right"
          >
            2026
          </p>
          <div>
            <h3
              class="content-title text-base leading-6 font-medium transition-colors group-hover:text-accent"
            >
              <span
                class="inline-block"
                style="view-transition-name: title-project-first-0;"
              >
                First
              </span>
            </h3>
            <p
              class="mt-2 text-sm leading-relaxed text-muted"
            >
              A description.
            </p>
            <p
              class="mt-2.5 text-xs text-faint"
            >
              one  ·  two
            </p>
          </div>
        </div>
        <span
          aria-hidden="true"
          class="project-peek pointer-events-none absolute top-1/2 left-full ml-8 hidden w-54 xl:block"
        >
          <img
            alt=""
            class="w-full rounded-lg border border-border shadow-[4px_6px_25px_rgba(0,0,0,0.56)]"
            data-nimg="1"
            decoding="async"
            height="243"
            loading="lazy"
            sizes="216px"
            src="/_next/image?url=%2Fimage.png&w=3840&q=75"
            srcset="/_next/image?url=%2Fimage.png&w=32&q=75 32w, /_next/image?url=%2Fimage.png&w=48&q=75 48w, /_next/image?url=%2Fimage.png&w=64&q=75 64w, /_next/image?url=%2Fimage.png&w=96&q=75 96w, /_next/image?url=%2Fimage.png&w=128&q=75 128w, /_next/image?url=%2Fimage.png&w=256&q=75 256w, /_next/image?url=%2Fimage.png&w=384&q=75 384w, /_next/image?url=%2Fimage.png&w=640&q=75 640w, /_next/image?url=%2Fimage.png&w=750&q=75 750w, /_next/image?url=%2Fimage.png&w=828&q=75 828w, /_next/image?url=%2Fimage.png&w=1080&q=75 1080w, /_next/image?url=%2Fimage.png&w=1200&q=75 1200w, /_next/image?url=%2Fimage.png&w=1920&q=75 1920w, /_next/image?url=%2Fimage.png&w=2048&q=75 2048w, /_next/image?url=%2Fimage.png&w=3840&q=75 3840w"
            style="color: transparent; view-transition-name: project-image-first;"
            width="432"
          />
        </span>
      </a>
    </li>
  </ol>
</div>
`;
